### Install Laravel and Dependencies

# Laravel 12
- composer create-project "laravel/laravel:^12.0" Bluee

# Configure /etc/hosts for localhost

# Create database
- CREATE DATABASE database_name;
- GRANT ALL PRIVILEGES ON database_name.* TO 'database_user'@'%';
- FLUSH PRIVILEGES;

# Configure .env with Docker-Server

DB_CONNECTION=mysql
DB_HOST=mysql (Docker Service)
DB_PORT=3306
DB_DATABASE=database_name
DB_USERNAME=database_user
DB_PASSWORD=database_secret

SESSION_DRIVER=redis
QUEUE_CONNECTION=redis
CACHE_STORE=redis

REDIS_HOST=redis (Docker Service)
REDIS_PASSWORD=redis_secret
REDIS_PORT=6379

# Check database connection
- php artisan db:monitor

# Check redis connection
- php artisan tinker
> Cache::put('test', 'redis-works', 10);
> Cache::get('test');
Output: "redis-works"

# Modify .gitignore and README.md

# Create app/Helpers/ResponseHelper.php

# Create app/Traits/UUID.php

# Modify User Models

# Modify create_users_table.php migrations

# Database migrate
- php artisan migrate

# Models and Migration: Store
- php artisan make:model Store -m

# Models and Migration: StoreBalance
- php artisan make:model StoreBalance -m

# Models and Migration: StoreBalanceHistory
- php artisan make:model StoreBalanceHistory -m

# Models and Migration: Withdrawal
- php artisan make:model Withdrawal -m

# Models and Migration: Buyer
- php artisan make:model Buyer -m

# Models and Migration: ProductCategory
- php artisan make:model ProductCategory -m

# Models and Migration: Product
- php artisan make:model Product -m

# Models and Migration: ProductImage
- php artisan make:model ProductImage -m

# Models and Migration: Transaction
- php artisan make:model Transaction -m

# Models and Migration: TransactionDetail
- php artisan make:model TransactionDetail -m

# Models and Migration: ProductReview
- php artisan make:model ProductReview -m

# Fix Models and Migration typo then fresh migrate
- php artisan migrate:fresh

### API User

# Create app/Interfaces/UserRepositoryInterface.php
# Create app/Repositories/UserRepository.php
# Add ScopeSearch function to User Models
# Register to Provider
- php artisan make:provider RepositoryServiceProvider
# Modify RepositoryServiceProvider.php
# Create PaginateResource
- php artisan make:resource PaginateResource
# Create UserResource
- php artisan make:resource UserResource
# Create UserController
- php artisan make:controller UserController --api
# Install API Route
- php artisan install:api

### CRUD User

# Fix app/Helpers/ResponseHelper.php and app/Repositories/UserRepository.php

# Create dummy User data
- php artisan make:seeder UserSeeder
# Modify UserSeeder then seed
- php artisan db:seed --class=UserSeeder

# Show Data
# Modify app/Interfaces/UserRepositoryInterface.php
# Modify app/Repositories/UserRepository.php
# Modify UserController

# Create Data
# Modify app/Interfaces/UserRepositoryInterface.php
# Modify app/Repositories/UserRepository.php
# Create UserStoreRequest
- php artisan make:request UserStoreRequest
# Modify UserController

# Localization
- php artisan lang:publish

# Update Data
# Modify app/Interfaces/UserRepositoryInterface.php
# Modify app/Repositories/UserRepository.php
# Create UserUpdateRequest
- php artisan make:request UserUpdateRequest
# Modify UserController

# Delete Data
# Modify app/Interfaces/UserRepositoryInterface.php
# Modify app/Repositories/UserRepository.php
# Modify UserController

### API Store

# Create app/Interfaces/StoreRepositoryInterface.php
# Create app/Repositories/StoreRepository.php
# Add ScopeSearch function to Store Models
# Modify RepositoryServiceProvider.php
# Create StoreResource
- php artisan make:resource StoreResource
# Create StoreController
- php artisan make:controller StoreController --api
# Modify API Routes

# Create dummy Store data
# Integrate with ImageHelper
# Create StoreFactory
- php artisan make:factory StoreFactory
# Create StoreSeeder
- php artisan make:seeder StoreSeeder
# Modify Store Models and StoreSeeder then seed
- php artisan db:seed --class=StoreSeeder
# Create symbolink storage
- php artisan storage:link

# Show Data
# Modify app/Interfaces/StoreRepositoryInterface.php
# Modify app/Repositories/StoreRepository.php
# Modify StoreController

# Create Data
# Modify app/Interfaces/StoreRepositoryInterface.php
# Modify app/Repositories/StoreRepository.php
# Create StoreStoreRequest
- php artisan make:request StoreStoreRequest
# Modify StoreController

# Update Status Data
# Modify app/Interfaces/StoreRepositoryInterface.php
# Modify app/Repositories/StoreRepository.php
# Modify StoreController
# Modify API Routes

# Update Data
# Modify app/Interfaces/StoreRepositoryInterface.php
# Modify app/Repositories/StoreRepository.php
# Create StoreUpdateRequest
- php artisan make:request StoreUpdateRequest
# Modify StoreController

# Delete Data
# Modify app/Interfaces/StoreRepositoryInterface.php
# Modify app/Repositories/StoreRepository.php
# Modify StoreController

### API StoreBalance

# Create app/Interfaces/StoreBalanceRepositoryInterface.php
# Modify app/Repositories/StoreBalanceRepository.php
# Add ScopeSearch function to StoreBalance Models
# Modify RepositoryServiceProvider.php
# Create StoreBalanceResource
- php artisan make:resource StoreBalanceResource
# Create StoreBalanceController
- php artisan make:controller StoreBalanceController --api
# Modify API Routes

# Create dummy StoreBalance data
# Create StoreBalanceFactory
- php artisan make:factory StoreBalanceFactory
# Modify StoreSeeder
# Modify StoreBalance Models
# Modify DatabaseSeeder (fresh migrate)
- php artisan migrate:fresh
- php artisan db:seed
# Or
-  php artisan migrate:fresh --seed

# Show Data
# Modify app/Interfaces/StoreBalanceRepositoryInterface.php
# Modify app/Repositories/StoreBalanceRepository.php
# Modify StoreBalanceResource
# Modify StoreBalanceController

# Logic Credit and Debit
# Modify StoreBalanceController
# Modify API Routes
# Modify app/Interfaces/StoreBalanceRepositoryInterface.php
# Modify app/Repositories/StoreBalanceRepository.php

### API StoreBalanceHistory

# Create app/Interfaces/StoreBalanceHistoryRepositoryInterface.php
# Modify app/Repositories/StoreBalanceHistoryRepository.php
# Add ScopeSearch function to StoreBalanceHistory Models
# Modify RepositoryServiceProvider.php
# Create StoreBalanceHistoryResource
- php artisan make:resource StoreBalanceHistoryResource
# Create StoreBalanceHistoryController
- php artisan make:controller StoreBalanceHistoryController --api
# Modify API Routes

# Create dummy StoreBalanceHistory data
# Modify StoreBalanceHistory Migration
# Create StoreBalanceHistoryFactory
- php artisan make:factory StoreBalanceHistoryFactory
# Modify StoreSeeder
# Modify StoreBalanceHistory Models
# Fresh Migrate
-  php artisan migrate:fresh --seed

# Show Data
# Modify app/Interfaces/StoreBalanceHistoryRepositoryInterface.php
# Modify app/Repositories/StoreBalanceHistoryRepository.php
# Modify StoreBalanceHistoryResource
# Modify StoreBalanceHistoryController

# Create Data
# Modify app/Interfaces/StoreBalanceHistoryRepositoryInterface.php
# Modify app/Repositories/StoreBalanceHistoryRepository.php

# Update Data
# Modify app/Interfaces/StoreBalanceHistoryRepositoryInterface.php
# Modify app/Repositories/StoreBalanceHistoryRepository.php
# Modify StoreBalanceHistoryController

### API Withdrawal
# Create app/Interfaces/WithdrawalRepositoryInterface.php
# Create app/Repositories/WithdrawalRepository.php
# Add ScopeSearch function to Withdrawal Models
# Modify RepositoryServiceProvider.php
# Create WithdrawalResource
- php artisan make:resource WithdrawalResource
# Create WithdrawalController
- php artisan make:controller WithdrawalController --api
# Modify API Routes

# Create dummy Withdrawal data
# Create WithdrawalFactory
- php artisan make:factory WithdrawalFactory
# Modify Withdrawal Models
# Modify Withdrawal Migration
# Modify StoreSeeder
# Fresh Migrate
-  php artisan migrate:fresh --seed

# Show Data
# Modify app/Interfaces/WithdrawalRepositoryInterface.php
# Modify app/Repositories/WithdrawalRepository.php
# Modify WithdrawalController

# Create Data
# Modify app/Interfaces/WithdrawalRepositoryInterface.php
# Modify app/Repositories/WithdrawalRepository.php
# Create WithdrawalStoreRequest
- php artisan make:request WithdrawalStoreRequest
# Modify WithdrawalController

# Approve
# Modify app/Interfaces/WithdrawalRepositoryInterface.php
# Modify app/Repositories/WithdrawalRepository.php
# Create WithdrawalApproveRequest
- php artisan make:request WithdrawalApproveRequest
# Modify WithdrawalController
# Modify API Routes

### API Buyer
# Create app/Interfaces/BuyerRepositoryInterface.php
# Create app/Repositories/BuyerRepository.php
# Add ScopeSearch function to Buyer Models
# Modify RepositoryServiceProvider.php
# Create BuyerResource
- php artisan make:resource BuyerResource
# Create BuyerController
- php artisan make:controller BuyerController --api
# Modify API Routes

# Create dummy Buyer data
# Create BuyerFactory
- php artisan make:factory BuyerFactory
# Create BuyerSeeder
- php artisan make:seeder BuyerSeeder
# Modify Buyer Models, BuyerSeeder, DatabaseSeeder then seed
- php artisan db:seed --class=BuyerSeeder

# Show Data
# Modify app/Interfaces/BuyerRepositoryInterface.php
# Modify app/Repositories/BuyerRepository.php
# Modify BuyerController

# Create Data
# Modify app/Interfaces/BuyerRepositoryInterface.php
# Modify app/Repositories/BuyerRepository.php
# Create BuyerStoreRequest
- php artisan make:request BuyerStoreRequest
# Modify BuyerController

# Update Data
# Modify app/Interfaces/BuyerRepositoryInterface.php
# Modify app/Repositories/BuyerRepository.php
# Create BuyerUpdateRequest
- php artisan make:request BuyerUpdateRequest
# Modify BuyerController

# Delete Data
# Modify app/Interfaces/BuyerRepositoryInterface.php
# Modify app/Repositories/BuyerRepository.php
# Modify BuyerController

### API ProductCategory
# Create app/Interfaces/ProductCategoryRepositoryInterface.php
# Create app/Repositories/ProductCategoryRepository.php
# Add ScopeSearch function to ProductCategory Models
# Modify RepositoryServiceProvider.php
# Create ProductCategoryResource
- php artisan make:resource ProductCategoryResource
# Create ProductCategoryController
- php artisan make:controller ProductCategoryController --api
# Modify API Routes

# Create dummy ProductCategory data
# Create ProductCategorySeeder
- php artisan make:seeder ProductCategorySeeder
# Modify ProductCategorySeeder and DatabaseSeeder then seed
- php artisan db:seed --class=ProductCategorySeeder

# Show Data
# Modify app/Interfaces/ProductCategoryRepositoryInterface.php
# Modify app/Repositories/ProductCategoryRepository.php
# Modify ProductCategoryController

# Show Data By Slug
# Modify app/Interfaces/ProductCategoryRepositoryInterface.php
# Modify app/Repositories/ProductCategoryRepository.php
# Modify ProductCategoryController
# Modify API Routes

# Create Data
# Modify app/Interfaces/ProductCategoryRepositoryInterface.php
# Modify app/Repositories/ProductCategoryRepository.php
# Create ProductCategoryStoreRequest
- php artisan make:request ProductCategoryStoreRequest
# Modify ProductCategoryController

# Update Data
# Modify app/Interfaces/ProductCategoryRepositoryInterface.php
# Modify app/Repositories/ProductCategoryRepository.php
# Create ProductCategoryUpdateRequest
- php artisan make:request ProductCategoryUpdateRequest
# Modify ProductCategoryController

# Delete Data
# Modify app/Interfaces/ProductCategoryRepositoryInterface.php
# Modify app/Repositories/ProductCategoryRepository.php
# Modify ProductCategoryController

### API Product
# Create app/Interfaces/ProductRepositoryInterface.php
# Create app/Repositories/ProductRepository.php
# Add ScopeSearch function to Product Models
# Modify RepositoryServiceProvider.php
# Create ProductResource
- php artisan make:resource ProductResource
# Create ProductImageResource
- php artisan make:resource ProductImageResource
# Create ProductController
- php artisan make:controller ProductController --api
# Modify API Routes

# Create dummy Product data
# Modify Product and ProductImage Models
# Modify ProductResource
# Modify app/Repositories/ProductRepository.php
# Create ProductFactory
- php artisan make:factory ProductFactory
# Create ProductImageFactory
- php artisan make:factory ProductImageFactory
# Create ProductSeeder
- php artisan make:seeder ProductSeeder
# Modify ProductSeeder and DatabaseSeeder then seed
- php artisan db:seed --class=ProductSeeder

# Show Data
# Modify app/Interfaces/ProductRepositoryInterface.php
# Modify app/Repositories/ProductRepository.php
# Modify ProductController
